------------------------------------------------------------
Timing Analyzer Summary
------------------------------------------------------------

Type  : Slow 1100mV 85C Model Setup 'clk'
Slack : -2.167
TNS   : -131.484

Type  : Slow 1100mV 85C Model Hold 'clk'
Slack : 0.335
TNS   : 0.000

Type  : Slow 1100mV 85C Model Minimum Pulse Width 'clk'
Slack : -0.394
TNS   : -46.917

Type  : Slow 1100mV 0C Model Setup 'clk'
Slack : -2.195
TNS   : -129.703

Type  : Slow 1100mV 0C Model Hold 'clk'
Slack : 0.315
TNS   : 0.000

Type  : Slow 1100mV 0C Model Minimum Pulse Width 'clk'
Slack : -0.394
TNS   : -50.280

Type  : Fast 1100mV 85C Model Setup 'clk'
Slack : -0.805
TNS   : -36.778

Type  : Fast 1100mV 85C Model Hold 'clk'
Slack : 0.181
TNS   : 0.000

Type  : Fast 1100mV 85C Model Minimum Pulse Width 'clk'
Slack : -0.093
TNS   : -7.931

Type  : Fast 1100mV 0C Model Setup 'clk'
Slack : -0.694
TNS   : -28.756

Type  : Fast 1100mV 0C Model Hold 'clk'
Slack : 0.165
TNS   : 0.000

Type  : Fast 1100mV 0C Model Minimum Pulse Width 'clk'
Slack : -0.090
TNS   : -7.750

------------------------------------------------------------
