------------------------------------------------------------
Timing Analyzer Summary
------------------------------------------------------------

Type  : Slow 1100mV 85C Model Setup 'clk'
Slack : -2.160
TNS   : -132.213

Type  : Slow 1100mV 85C Model Hold 'clk'
Slack : 0.232
TNS   : 0.000

Type  : Slow 1100mV 85C Model Minimum Pulse Width 'clk'
Slack : -0.394
TNS   : -49.673

Type  : Slow 1100mV 0C Model Setup 'clk'
Slack : -2.185
TNS   : -130.553

Type  : Slow 1100mV 0C Model Hold 'clk'
Slack : 0.216
TNS   : 0.000

Type  : Slow 1100mV 0C Model Minimum Pulse Width 'clk'
Slack : -0.394
TNS   : -52.939

Type  : Fast 1100mV 85C Model Setup 'clk'
Slack : -0.785
TNS   : -36.016

Type  : Fast 1100mV 85C Model Hold 'clk'
Slack : 0.145
TNS   : 0.000

Type  : Fast 1100mV 85C Model Minimum Pulse Width 'clk'
Slack : -0.093
TNS   : -8.281

Type  : Fast 1100mV 0C Model Setup 'clk'
Slack : -0.668
TNS   : -27.620

Type  : Fast 1100mV 0C Model Hold 'clk'
Slack : 0.133
TNS   : 0.000

Type  : Fast 1100mV 0C Model Minimum Pulse Width 'clk'
Slack : -0.089
TNS   : -8.071

------------------------------------------------------------
